.\mvnw : WARNING: A restricted method in java.lang.System has been called
At line:1 char:113
+ ... nnoc\OneDrive\Desktop\Y2\DMS\Class\CW2025" ; .\mvnw test 2>&1 | Out-S ...
+                                                  ~~~~~~~~~~~~~~~~
    + CategoryInfo          : NotSpecified: (WARNING: A rest...has been called:Str 
   ing) [], RemoteException
    + FullyQualifiedErrorId : NativeCommandError
 
WARNING: java.lang.System::load has been called by 
org.fusesource.jansi.internal.JansiLoader in an unnamed module (file:/C:/Users/inno
c/.m2/wrapper/dists/apache-maven-3.8.5-bin/5i5jha092a3i37g0paqnfr15e0/apache-maven-
3.8.5/lib/jansi-2.4.0.jar)
WARNING: Use --enable-native-access=ALL-UNNAMED to avoid a warning for callers in 
this module
WARNING: Restricted methods will be blocked in a future release unless native 
access is enabled

WARNING: A terminally deprecated method in sun.misc.Unsafe has been called
WARNING: sun.misc.Unsafe::objectFieldOffset has been called by 
com.google.common.util.concurrent.AbstractFuture$UnsafeAtomicHelper (file:/C:/Users
/innoc/.m2/wrapper/dists/apache-maven-3.8.5-bin/5i5jha092a3i37g0paqnfr15e0/apache-m
aven-3.8.5/lib/guava-25.1-android.jar)
WARNING: Please consider reporting this to the maintainers of class 
com.google.common.util.concurrent.AbstractFuture$UnsafeAtomicHelper
WARNING: sun.misc.Unsafe::objectFieldOffset will be removed in a future release
[INFO] Scanning for projects...
[INFO] 
[INFO] -------------------------< com.example:CW2025 >-------------------------
[INFO] Building demo3 1.0-SNAPSHOT
[INFO] --------------------------------[ jar ]---------------------------------
[INFO] 
[INFO] --- maven-resources-plugin:2.6:resources (default-resources) @ CW2025 ---
[INFO] Using 'UTF-8' encoding to copy filtered resources.
[INFO] Copying 8 resources
[INFO] 
[INFO] --- maven-compiler-plugin:3.13.0:compile (default-compile) @ CW2025 ---
[INFO] Nothing to compile - all classes are up to date.
[INFO] 
[INFO] --- maven-resources-plugin:2.6:testResources (default-testResources) @ CW2025 ---
[INFO] Using 'UTF-8' encoding to copy filtered resources.
[INFO] skip non existing resourceDirectory C:\Users\innoc\OneDrive\Desktop\Y2\DMS\Class\CW2025\src\test\resources
[INFO] 
[INFO] --- maven-compiler-plugin:3.13.0:testCompile (default-testCompile) @ CW2025 ---
[INFO] Nothing to compile - all classes are up to date.
[INFO] 
[INFO] --- maven-surefire-plugin:3.1.2:test (default-test) @ CW2025 ---
[INFO] Using auto detected provider org.apache.maven.surefire.junitplatform.JUnitPlatformProvider
[INFO] 
[INFO] -------------------------------------------------------
[INFO]  T E S T S
[INFO] -------------------------------------------------------
[INFO] Running com.comp2042.logic.BrickRotatorTest
[INFO] Tests run: 6, Failures: 0, Errors: 0, Skipped: 0, Time elapsed: 0.143 s -- in com.comp2042.logic.BrickRotatorTest
[INFO] Running com.comp2042.logic.bricks.RandomBrickGeneratorTest
[ERROR] Tests run: 6, Failures: 0, Errors: 4, Skipped: 0, Time elapsed: 0.060 s <<< FAILURE! -- in com.comp2042.logic.bricks.RandomBrickGeneratorTest
[ERROR] com.comp2042.logic.bricks.RandomBrickGeneratorTest.testBricksHaveValidBlockCounts -- Time elapsed: 0.016 s <<< ERROR!
java.lang.Error: 
Unresolved compilation problem: 
	The method getShape() is undefined for the type Brick

	at com.comp2042.logic.bricks.RandomBrickGeneratorTest.testBricksHaveValidBlockCounts(RandomBrickGeneratorTest.java:76)
	at java.base/java.lang.reflect.Method.invoke(Method.java:565)
	at java.base/java.util.ArrayList.forEach(ArrayList.java:1604)
	at java.base/java.util.ArrayList.forEach(ArrayList.java:1604)

[ERROR] com.comp2042.logic.bricks.RandomBrickGeneratorTest.testAllBricksHave2DShapes -- Time elapsed: 0.005 s <<< ERROR!
java.lang.Error: 
Unresolved compilation problem: 
	The method getShape() is undefined for the type Brick

	at com.comp2042.logic.bricks.RandomBrickGeneratorTest.testAllBricksHave2DShapes(RandomBrickGeneratorTest.java:62)
	at java.base/java.lang.reflect.Method.invoke(Method.java:565)
	at java.base/java.util.ArrayList.forEach(ArrayList.java:1604)
	at java.base/java.util.ArrayList.forEach(ArrayList.java:1604)

[ERROR] com.comp2042.logic.bricks.RandomBrickGeneratorTest.testGeneratedBrickHasValidShape -- Time elapsed: 0.003 s <<< ERROR!
java.lang.Error: 
Unresolved compilation problem: 
	The method getShape() is undefined for the type Brick

	at com.comp2042.logic.bricks.RandomBrickGeneratorTest.testGeneratedBrickHasValidShape(RandomBrickGeneratorTest.java:35)
	at java.base/java.lang.reflect.Method.invoke(Method.java:565)
	at java.base/java.util.ArrayList.forEach(ArrayList.java:1604)
	at java.base/java.util.ArrayList.forEach(ArrayList.java:1604)

[ERROR] com.comp2042.logic.bricks.RandomBrickGeneratorTest.testBrickShapeSizesAreReasonable -- Time elapsed: 0.009 s <<< ERROR!
java.lang.Error: 
Unresolved compilation problem: 
	The method getShape() is undefined for the type Brick

	at com.comp2042.logic.bricks.RandomBrickGeneratorTest.testBrickShapeSizesAreReasonable(RandomBrickGeneratorTest.java:96)
	at java.base/java.lang.reflect.Method.invoke(Method.java:565)
	at java.base/java.util.ArrayList.forEach(ArrayList.java:1604)
	at java.base/java.util.ArrayList.forEach(ArrayList.java:1604)

[INFO] Running com.comp2042.logic.MatrixOperationsTest
[ERROR] Tests run: 9, Failures: 2, Errors: 1, Skipped: 0, Time elapsed: 0.034 s <<< FAILURE! -- in com.comp2042.logic.MatrixOperationsTest
[ERROR] com.comp2042.logic.MatrixOperationsTest.testOutOfBoundsTop -- Time elapsed: 0.002 s <<< ERROR!
java.lang.ArrayIndexOutOfBoundsException: Index -1 out of bounds for length 10
	at com.comp2042.logic.MatrixOperations.checkOutOfBound(MatrixOperations.java:45)
	at com.comp2042.logic.MatrixOperations.intersect(MatrixOperations.java:35)
	at com.comp2042.logic.MatrixOperationsTest.testOutOfBoundsTop(MatrixOperationsTest.java:106)
	at java.base/java.lang.reflect.Method.invoke(Method.java:565)
	at java.base/java.util.ArrayList.forEach(ArrayList.java:1604)
	at java.base/java.util.ArrayList.forEach(ArrayList.java:1604)

[ERROR] com.comp2042.logic.MatrixOperationsTest.testOutOfBoundsRight -- Time elapsed: 0.006 s <<< FAILURE!
org.opentest4j.AssertionFailedError: Brick at (9, 5) should go out of bounds ==> expected: <true> but was: <false>
	at org.junit.jupiter.api.AssertionFailureBuilder.build(AssertionFailureBuilder.java:151)
	at org.junit.jupiter.api.AssertionFailureBuilder.buildAndThrow(AssertionFailureBuilder.java:132)
	at org.junit.jupiter.api.AssertTrue.failNotTrue(AssertTrue.java:63)
	at org.junit.jupiter.api.AssertTrue.assertTrue(AssertTrue.java:36)
	at org.junit.jupiter.api.Assertions.assertTrue(Assertions.java:214)
	at com.comp2042.logic.MatrixOperationsTest.testOutOfBoundsRight(MatrixOperationsTest.java:86)
	at java.base/java.lang.reflect.Method.invoke(Method.java:565)
	at java.base/java.util.ArrayList.forEach(ArrayList.java:1604)
	at java.base/java.util.ArrayList.forEach(ArrayList.java:1604)

[ERROR] com.comp2042.logic.MatrixOperationsTest.testIntersectionWithFilledCells -- Time elapsed: 0.002 s <<< FAILURE!
org.opentest4j.AssertionFailedError: Brick at (5, 8) should intersect with filled cells ==> expected: <true> but was: <false>
	at org.junit.jupiter.api.AssertionFailureBuilder.build(AssertionFailureBuilder.java:151)
	at org.junit.jupiter.api.AssertionFailureBuilder.buildAndThrow(AssertionFailureBuilder.java:132)
	at org.junit.jupiter.api.AssertTrue.failNotTrue(AssertTrue.java:63)
	at org.junit.jupiter.api.AssertTrue.assertTrue(AssertTrue.java:36)
	at org.junit.jupiter.api.Assertions.assertTrue(Assertions.java:214)
	at com.comp2042.logic.MatrixOperationsTest.testIntersectionWithFilledCells(MatrixOperationsTest.java:57)
	at java.base/java.lang.reflect.Method.invoke(Method.java:565)
	at java.base/java.util.ArrayList.forEach(ArrayList.java:1604)
	at java.base/java.util.ArrayList.forEach(ArrayList.java:1604)

[INFO] Running com.comp2042.logic.ScoreTest
[INFO] Tests run: 5, Failures: 0, Errors: 0, Skipped: 0, Time elapsed: 0.056 s -- in com.comp2042.logic.ScoreTest
[INFO] Running com.comp2042.logic.SimpleBoardTest
[ERROR] Tests run: 12, Failures: 0, Errors: 1, Skipped: 0, Time elapsed: 0.047 s <<< FAILURE! -- in com.comp2042.logic.SimpleBoardTest
[ERROR] com.comp2042.logic.SimpleBoardTest.testGetViewData -- Time elapsed: 0.003 s <<< ERROR!
java.lang.NullPointerException: Cannot invoke "com.comp2042.logic.bricks.Brick.getShapeMatrix()" because "this.brick" is null
	at com.comp2042.logic.BrickRotator.getCurrentShape(BrickRotator.java:32)
	at com.comp2042.logic.SimpleBoard.getViewData(SimpleBoard.java:161)
	at com.comp2042.logic.SimpleBoardTest.testGetViewData(SimpleBoardTest.java:101)
	at java.base/java.lang.reflect.Method.invoke(Method.java:565)
	at java.base/java.util.ArrayList.forEach(ArrayList.java:1604)
	at java.base/java.util.ArrayList.forEach(ArrayList.java:1604)

[INFO] 
[INFO] Results:
[INFO] 
[ERROR] Failures: 
[ERROR]   MatrixOperationsTest.testIntersectionWithFilledCells:57 Brick at (5, 8) should intersect with filled cells ==> expected: <true> but was: <false>
[ERROR]   MatrixOperationsTest.testOutOfBoundsRight:86 Brick at (9, 5) should go out of bounds ==> expected: <true> but was: <false>
[ERROR] Errors: 
[ERROR]   MatrixOperationsTest.testOutOfBoundsTop:106 ┬╗ ArrayIndexOutOfBounds Index -1 out of bounds for length 10
[ERROR]   SimpleBoardTest.testGetViewData:101 ┬╗ NullPointer Cannot invoke "com.comp2042.logic.bricks.Brick.getShapeMatrix()" because "this.brick" is null
[ERROR]   RandomBrickGeneratorTest.testAllBricksHave2DShapes:62  Unresolved compilation problem: 
	The method getShape() is undefined for the type Brick

[ERROR]   RandomBrickGeneratorTest.testBrickShapeSizesAreReasonable:96  Unresolved compilation problem: 
	The method getShape() is undefined for the type Brick

[ERROR]   RandomBrickGeneratorTest.testBricksHaveValidBlockCounts:76  Unresolved compilation problem: 
	The method getShape() is undefined for the type Brick

[ERROR]   RandomBrickGeneratorTest.testGeneratedBrickHasValidShape:35  Unresolved compilation problem: 
	The method getShape() is undefined for the type Brick

[INFO] 
[ERROR] Tests run: 38, Failures: 2, Errors: 6, Skipped: 0
[INFO] 
[INFO] ------------------------------------------------------------------------
[INFO] BUILD FAILURE
[INFO] ------------------------------------------------------------------------
[INFO] Total time:  6.666 s
[INFO] Finished at: 2025-12-05T15:54:33+08:00
[INFO] ------------------------------------------------------------------------
[ERROR] Failed to execute goal org.apache.maven.plugins:maven-surefire-plugin:3.1.2:test (default-test) on project CW2025: There are test failures.
[ERROR] 
[ERROR] Please refer to C:\Users\innoc\OneDrive\Desktop\Y2\DMS\Class\CW2025\target\surefire-reports for the individual test results.
[ERROR] Please refer to dump files (if any exist) [date].dump, [date]-jvmRun[N].dump and [date].dumpstream.
[ERROR] -> [Help 1]
[ERROR] 
[ERROR] To see the full stack trace of the errors, re-run Maven with the -e switch.
[ERROR] Re-run Maven using the -X switch to enable full debug logging.
[ERROR] 
[ERROR] For more information about the errors and possible solutions, please read the following articles:
[ERROR] [Help 1] http://cwiki.apache.org/confluence/display/MAVEN/MojoFailureException

